// Jest Snapshot v1, https://goo.gl/fbAQLP

exports[`GameWithHooks test cases Render behaviour Render game field by default 1`] = `
<DocumentFragment>
  <div
    class="css-1ct4owg"
  >
    <header
      class="css-dn2347"
    >
      <h1
        class="css-18kvaxm"
      >
        Minesweeper
      </h1>
      <legend
        class="css-17qz6a2"
      >
        <strong>
          Flag: 
        </strong>
        <code
          class="css-12ap3z0"
        >
          <span
            class="css-udfepp"
          >
            right 
          </span>
           + 
          <span
            class="css-9c23k1"
          >
            click
          </span>
        </code>
      </legend>
    </header>
    <div
      class="css-1bh93n8"
    >
      <div
        class="css-1n7y7g1"
      >
        <div
          class="css-d2q1pa"
        >
          0
        </div>
        <div>
          <select
            class="css-1lpmfg0"
          >
            <option
              class="css-zcmdxr"
              value="beginner"
            >
              beginner
            </option>
            <option
              class="css-zcmdxr"
              value="intermediate"
            >
              intermediate
            </option>
            <option
              class="css-zcmdxr"
              value="expert"
            >
              expert
            </option>
          </select>
          <button
            class="css-1kb3z2h"
          >
            ðŸ™‚
          </button>
        </div>
        <div
          class="css-d2q1pa"
        >
          10
        </div>
      </div>
      <div
        class="css-1p4hvro"
      >
        ðŸ˜Ž
      </div>
      <div
        class="css-1ye5yxo"
        role="grid"
        size="9"
      >
        <div
          class="css-1tt7j02"
          data-testid="0,0"
          role="cell"
        >
          10
        </div>
        <div
          class="css-1tt7j02"
          data-testid="0,1"
          role="cell"
        >
          10
        </div>
        <div
          class="css-1tt7j02"
          data-testid="0,2"
          role="cell"
        >
          10
        </div>
        <div
          class="css-1tt7j02"
          data-testid="0,3"
          role="cell"
        >
          10
        </div>
        <div
          class="css-1tt7j02"
          data-testid="0,4"
          role="cell"
        >
          10
        </div>
        <div
          class="css-1tt7j02"
          data-testid="0,5"
          role="cell"
        >
          10
        </div>
        <div
          class="css-1tt7j02"
          data-testid="0,6"
          role="cell"
        >
          10
        </div>
        <div
          class="css-1tt7j02"
          data-testid="0,7"
          role="cell"
        >
          10
        </div>
        <div
          class="css-1tt7j02"
          data-testid="0,8"
          role="cell"
        >
          10
        </div>
        <div
          class="css-1tt7j02"
          data-testid="1,0"
          role="cell"
        >
          10
        </div>
        <div
          class="css-1tt7j02"
          data-testid="1,1"
          role="cell"
        >
          10
        </div>
        <div
          class="css-1tt7j02"
          data-testid="1,2"
          role="cell"
        >
          10
        </div>
        <div
          class="css-1tt7j02"
          data-testid="1,3"
          role="cell"
        >
          10
        </div>
        <div
          class="css-1tt7j02"
          data-testid="1,4"
          role="cell"
        >
          10
        </div>
        <div
          class="css-1tt7j02"
          data-testid="1,5"
          role="cell"
        >
          10
        </div>
        <div
          class="css-1tt7j02"
          data-testid="1,6"
          role="cell"
        >
          10
        </div>
        <div
          class="css-1tt7j02"
          data-testid="1,7"
          role="cell"
        >
          10
        </div>
        <div
          class="css-1tt7j02"
          data-testid="1,8"
          role="cell"
        >
          10
        </div>
        <div
          class="css-1tt7j02"
          data-testid="2,0"
          role="cell"
        >
          10
        </div>
        <div
          class="css-1tt7j02"
          data-testid="2,1"
          role="cell"
        >
          10
        </div>
        <div
          class="css-1tt7j02"
          data-testid="2,2"
          role="cell"
        >
          10
        </div>
        <div
          class="css-1tt7j02"
          data-testid="2,3"
          role="cell"
        >
          10
        </div>
        <div
          class="css-1tt7j02"
          data-testid="2,4"
          role="cell"
        >
          10
        </div>
        <div
          class="css-1tt7j02"
          data-testid="2,5"
          role="cell"
        >
          10
        </div>
        <div
          class="css-1tt7j02"
          data-testid="2,6"
          role="cell"
        >
          10
        </div>
        <div
          class="css-1tt7j02"
          data-testid="2,7"
          role="cell"
        >
          10
        </div>
        <div
          class="css-1tt7j02"
          data-testid="2,8"
          role="cell"
        >
          10
        </div>
        <div
          class="css-1tt7j02"
          data-testid="3,0"
          role="cell"
        >
          10
        </div>
        <div
          class="css-1tt7j02"
          data-testid="3,1"
          role="cell"
        >
          10
        </div>
        <div
          class="css-1tt7j02"
          data-testid="3,2"
          role="cell"
        >
          10
        </div>
        <div
          class="css-1tt7j02"
          data-testid="3,3"
          role="cell"
        >
          10
        </div>
        <div
          class="css-1tt7j02"
          data-testid="3,4"
          role="cell"
        >
          10
        </div>
        <div
          class="css-1tt7j02"
          data-testid="3,5"
          role="cell"
        >
          10
        </div>
        <div
          class="css-1tt7j02"
          data-testid="3,6"
          role="cell"
        >
          10
        </div>
        <div
          class="css-1tt7j02"
          data-testid="3,7"
          role="cell"
        >
          10
        </div>
        <div
          class="css-1tt7j02"
          data-testid="3,8"
          role="cell"
        >
          10
        </div>
        <div
          class="css-1tt7j02"
          data-testid="4,0"
          role="cell"
        >
          10
        </div>
        <div
          class="css-1tt7j02"
          data-testid="4,1"
          role="cell"
        >
          10
        </div>
        <div
          class="css-1tt7j02"
          data-testid="4,2"
          role="cell"
        >
          10
        </div>
        <div
          class="css-1tt7j02"
          data-testid="4,3"
          role="cell"
        >
          10
        </div>
        <div
          class="css-1tt7j02"
          data-testid="4,4"
          role="cell"
        >
          10
        </div>
        <div
          class="css-1tt7j02"
          data-testid="4,5"
          role="cell"
        >
          10
        </div>
        <div
          class="css-1tt7j02"
          data-testid="4,6"
          role="cell"
        >
          10
        </div>
        <div
          class="css-1tt7j02"
          data-testid="4,7"
          role="cell"
        >
          10
        </div>
        <div
          class="css-1tt7j02"
          data-testid="4,8"
          role="cell"
        >
          10
        </div>
        <div
          class="css-1tt7j02"
          data-testid="5,0"
          role="cell"
        >
          10
        </div>
        <div
          class="css-1tt7j02"
          data-testid="5,1"
          role="cell"
        >
          10
        </div>
        <div
          class="css-1tt7j02"
          data-testid="5,2"
          role="cell"
        >
          10
        </div>
        <div
          class="css-1tt7j02"
          data-testid="5,3"
          role="cell"
        >
          10
        </div>
        <div
          class="css-1tt7j02"
          data-testid="5,4"
          role="cell"
        >
          10
        </div>
        <div
          class="css-1tt7j02"
          data-testid="5,5"
          role="cell"
        >
          10
        </div>
        <div
          class="css-1tt7j02"
          data-testid="5,6"
          role="cell"
        >
          10
        </div>
        <div
          class="css-1tt7j02"
          data-testid="5,7"
          role="cell"
        >
          10
        </div>
        <div
          class="css-1tt7j02"
          data-testid="5,8"
          role="cell"
        >
          10
        </div>
        <div
          class="css-1tt7j02"
          data-testid="6,0"
          role="cell"
        >
          10
        </div>
        <div
          class="css-1tt7j02"
          data-testid="6,1"
          role="cell"
        >
          10
        </div>
        <div
          class="css-1tt7j02"
          data-testid="6,2"
          role="cell"
        >
          10
        </div>
        <div
          class="css-1tt7j02"
          data-testid="6,3"
          role="cell"
        >
          10
        </div>
        <div
          class="css-1tt7j02"
          data-testid="6,4"
          role="cell"
        >
          10
        </div>
        <div
          class="css-1tt7j02"
          data-testid="6,5"
          role="cell"
        >
          10
        </div>
        <div
          class="css-1tt7j02"
          data-testid="6,6"
          role="cell"
        >
          10
        </div>
        <div
          class="css-1tt7j02"
          data-testid="6,7"
          role="cell"
        >
          10
        </div>
        <div
          class="css-1tt7j02"
          data-testid="6,8"
          role="cell"
        >
          10
        </div>
        <div
          class="css-1tt7j02"
          data-testid="7,0"
          role="cell"
        >
          10
        </div>
        <div
          class="css-1tt7j02"
          data-testid="7,1"
          role="cell"
        >
          10
        </div>
        <div
          class="css-1tt7j02"
          data-testid="7,2"
          role="cell"
        >
          10
        </div>
        <div
          class="css-1tt7j02"
          data-testid="7,3"
          role="cell"
        >
          10
        </div>
        <div
          class="css-1tt7j02"
          data-testid="7,4"
          role="cell"
        >
          10
        </div>
        <div
          class="css-1tt7j02"
          data-testid="7,5"
          role="cell"
        >
          10
        </div>
        <div
          class="css-1tt7j02"
          data-testid="7,6"
          role="cell"
        >
          10
        </div>
        <div
          class="css-1tt7j02"
          data-testid="7,7"
          role="cell"
        >
          10
        </div>
        <div
          class="css-1tt7j02"
          data-testid="7,8"
          role="cell"
        >
          10
        </div>
        <div
          class="css-1tt7j02"
          data-testid="8,0"
          role="cell"
        >
          10
        </div>
        <div
          class="css-1tt7j02"
          data-testid="8,1"
          role="cell"
        >
          10
        </div>
        <div
          class="css-1tt7j02"
          data-testid="8,2"
          role="cell"
        >
          10
        </div>
        <div
          class="css-1tt7j02"
          data-testid="8,3"
          role="cell"
        >
          10
        </div>
        <div
          class="css-1tt7j02"
          data-testid="8,4"
          role="cell"
        >
          10
        </div>
        <div
          class="css-1tt7j02"
          data-testid="8,5"
          role="cell"
        >
          10
        </div>
        <div
          class="css-1tt7j02"
          data-testid="8,6"
          role="cell"
        >
          10
        </div>
        <div
          class="css-1tt7j02"
          data-testid="8,7"
          role="cell"
        >
          10
        </div>
        <div
          class="css-1tt7j02"
          data-testid="8,8"
          role="cell"
        >
          10
        </div>
      </div>
    </div>
  </div>
</DocumentFragment>
`;
